 
****************************************
Report : port
Design : UART_RX
Version: K-2015.06
Date   : Sun Sep 24 02:16:38 2023
****************************************



Attributes:
    d - dont_touch_network

                       Pin      Wire     Max     Max     Connection
Port           Dir     Load     Load     Trans   Cap     Class      Attrs
--------------------------------------------------------------------------------
CLK            in      0.0000   0.0000   --      --      --         d
PAR_EN         in      0.0000   0.0000    1.50    0.18   --         
PAR_TYP        in      0.0000   0.0000    1.50    0.18   --         
Prescale[0]    in      0.0000   0.0000    1.50    0.18   --         
Prescale[1]    in      0.0000   0.0000    1.50    0.18   --         
Prescale[2]    in      0.0000   0.0000    1.50    0.18   --         
Prescale[3]    in      0.0000   0.0000    1.50    0.18   --         
Prescale[4]    in      0.0000   0.0000    1.50    0.18   --         
Prescale[5]    in      0.0000   0.0000    1.50    0.18   --         
RST            in      0.0000   0.0000   --      --      --         
RX_IN          in      0.0000   0.0000    1.50    0.18   --         
SE             in      0.0000   0.0000   --      --      --         
SI             in      0.0000   0.0000   --      --      --         
scan_clk       in      0.0000   0.0000   --      --      --         
scan_rst       in      0.0000   0.0000   --      --      --         
test_mode      in      0.0000   0.0000   --      --      --         
P_DATA[0]      out     0.5000   0.0000   --      --      --         
P_DATA[1]      out     0.5000   0.0000   --      --      --         
P_DATA[2]      out     0.5000   0.0000   --      --      --         
P_DATA[3]      out     0.5000   0.0000   --      --      --         
P_DATA[4]      out     0.5000   0.0000   --      --      --         
P_DATA[5]      out     0.5000   0.0000   --      --      --         
P_DATA[6]      out     0.5000   0.0000   --      --      --         
P_DATA[7]      out     0.5000   0.0000   --      --      --         
SO             out     0.0000   0.0000   --      --      --         
data_valid     out     0.5000   0.0000   --      --      --         

1
